abhishek_shivade@DESKTOP-EHJ0T9T:~/CDAC24/LinuxAssignment/q2$ mkdir q2

abhishek_shivade@DESKTOP-EHJ0T9T:~/CDAC24/LinuxAssignment/q2$ d q2/

abhishek_shivade@DESKTOP-EHJ0T9T:~/CDAC24/LinuxAssignment/q2$ touch data.txt
abhishek_shivade@DESKTOP-EHJ0T9T:~/CDAC24/LinuxAssignment/q2$ cat > data.txt
Lorem Ipsum is simply dummy text of the printing and typesetting industry. Lorem Ipsum has been the industry's standard dummy text ever since the 1500s, when an unknown printer took a galley of type and scrambled it to make a type specimen book. It has survived not only five centuries, but also the leap into electronic typesetting, remaining essentially unchanged. It was popularised in the 1960s with the release of Letraset sheets containing Lorem Ipsum passages, and more recently with desktop publishing software like Aldus PageMaker including versions of Lorem Ipsum.
Why do we use it?

It is a long established fact that a reader will be distracted by the readable content of a page when looking at its layout. The point of using Lorem Ipsum is that it has a more-or-less normal distribution of letters, as opposed to using 'Content here, content here', making it look like readable English. Many desktop publishing packages and web page editors now use Lorem Ipsum as their default model text, and a search for 'lorem ipsum' will uncover many web sites still in their infancy. Various versions have evolved over the years, sometimes by accident, sometimes on purpose (injected humour and the like).

Where does it come from?

Contrary to popular belief, Lorem Ipsum is not simply random text. It has roots in a pieceoof classical Latin literature from 45 BC, making it over 2000 years old. Richard McClintock, a Latin professor at Hampden-Sydney College in Virginia, looked up one of the more obscure Latin words, consectetur, from a Lorem Ipsum passage, and going through the cites of the word in classical literature, discovered the undoubtable source. Lorem Ipsum comes from sections 1.10.32 and 1.10.33 of "de Finibus Bonorum et Malorum" (The Extremes of Good and Evil) by Cicero, written in 45 BC. This book is a treatise on the theory of ethics, very popular during the Renaissance. The first line of Lorem Ipsum, "Lorem ipsum dolor sit amet..", comes from a line in section 1.10.32.

The standard chunk of Lorem Ipsum used since the 1500s is reproduced below for those interested. Sections 1.10.32 and 1.10.33 from "de Finibus Bonorum et Malorum" by Cicero are also reproduced in their exact original form, accompanied by English versions from the 1914 translation by H. Rackham.
Where can I get some?

There are many variations of passages of Lorem Ipsum available, but the majority have suffered alteration in some form, by injected humour, or randomised words which don't look even slightly believable. If you are going to use a passage of Lorem Ipsum, you need to be sure there isn't anything embarrassing hidden in the middle of text. All the Lorem Ipsum generators on the Internet tend to repeat predefined chunks as necessary, making this the first true generator on the Internet. It uses a dictionary of over 200 Latin words, combined with a handful of model sentence structure
abhishek_shivade@DESKTOP-EHJ0T9T:~/CDAC24/LinuxAssignment/q2$ head data.txt
Lorem Ipsum is simply dummy text of the printing and typesetting industry. Lorem Ipsum has been the industry's standard dummy text ever since the 1500s, when an unknown printer took a galley of type and scrambled it to make a type specimen book. It has survived not only five centuries, but also the leap into electronic typesetting, remaining essentially unchanged. It was popularised in the 1960s with the release of Letraset sheets containing Lorem Ipsum passages, and more recently with desktop publishing software like Aldus PageMaker including versions of Lorem Ipsum.
Why do we use it?

It is a long established fact that a reader will be distracted by the readable content of a page when looking at its layout. The point of using Lorem Ipsum is that it has a more-or-less normal distribution of letters, as opposed to using 'Content here, content here', making it look like readable English. Many desktop publishing packages and web page editors now use Lorem Ipsum as their default model text, and a search for 'lorem ipsum' will uncover many web sites still in their infancy. Various versions have evolved over the years, sometimes by accident, sometimes on purpose (injected humour and the like).

Where does it come from?

Contrary to popular belief, Lorem Ipsum is not simply random text. It has roots in a piece of classical Latin literature from 45 BC, making it over 2000 years old. Richard McClintock, a Latin professor at Hampden-Sydney College in Virginia, looked up one of the more obscure Latin words, consectetur, from a Lorem Ipsum passage, and going through the cites of the word in classical literature, discovered the undoubtable source. Lorem Ipsum comes from sections 1.10.32 and 1.10.33 of "de Finibus Bonorum et Malorum" (The Extremes of Good and Evil) by Cicero, written in 45 BC. This book is a treatise on the theory of ethics, very popular during the Renaissance. The first line of Lorem Ipsum, "Lorem ipsum dolor sit amet..", comes from a line in section 1.10.32.

The standard chunk of Lorem Ipsum used since the 1500s is reproduced below for those interested. Sections 1.10.32 and 1.10.33 from "de Finibus Bonorum et Malorum" by Cicero are also reproduced in their exact original form, accompanied by English versions from the 1914 translation by H. Rackham.
abhishek_shivade@DESKTOP-EHJ0T9T:~/CDAC24/LinuxAssignment/q2$ head -10 data.txt
Lorem Ipsum is simply dummy text of the printing and typesetting industry. Lorem Ipsum has been the industry's standard dummy text ever since the 1500s, when an unknown printer took a galley of type and scrambled it to make a type specimen book. It has survived not only five centuries, but also the leap into electronic typesetting, remaining essentially unchanged. It was popularised in the 1960s with the release of Letraset sheets containing Lorem Ipsum passages, and more recently with desktop publishing software like Aldus PageMaker including versions of Lorem Ipsum.
Why do we use it?

It is a long established fact that a reader will be distracted by the readable content of a page when looking at its layout. The point of using Lorem Ipsum is that it has a more-or-less normal distribution of letters, as opposed to using 'Content here, content here', making it look like readable English. Many desktop publishing packages and web page editors now use Lorem Ipsum as their default model text, and a search for 'lorem ipsum' will uncover many web sites still in their infancy. Various versions have evolved over the years, sometimes by accident, sometimes on purpose (injected humour and the like).

Where does it come from?

Contrary to popular belief, Lorem Ipsum is not simply random text. It has roots in a piece of classical Latin literature from 45 BC, making it over 2000 years old. Richard McClintock, a Latin professor at Hampden-Sydney College in Virginia, looked up one of the more obscure Latin words, consectetur, from a Lorem Ipsum passage, and going through the cites of the word in classical literature, discovered the undoubtable source. Lorem Ipsum comes from sections 1.10.32 and 1.10.33 of "de Finibus Bonorum et Malorum" (The Extremes of Good and Evil) by Cicero, written in 45 BC. This book is a treatise on the theory of ethics, very popular during the Renaissance. The first line of Lorem Ipsum, "Lorem ipsum dolor sit amet..", comes from a line in section 1.10.32.

The standard chunk of Lorem Ipsum used since the 1500s is reproduced below for those interested. Sections 1.10.32 and 1.10.33 from "de Finibus Bonorum et Malorum" by Cicero are also reproduced in their exact original form, accompanied by English versions from the 1914 translation by H. Rackham.
abhishek_shivade@DESKTOP-EHJ0T9T:~/CDAC24/LinuxAssignment/q2$ vi data.txt
abhishek_shivade@DESKTOP-EHJ0T9T:~/CDAC24/LinuxAssignment/q2$
abhishek_shivade@DESKTOP-EHJ0T9T:~/CDAC24/LinuxAssignment/q2$
abhishek_shivade@DESKTOP-EHJ0T9T:~/CDAC24/LinuxAssignment/q2$
abhishek_shivade@DESKTOP-EHJ0T9T:~/CDAC24/LinuxAssignment/q2$
abhishek_shivade@DESKTOP-EHJ0T9T:~/CDAC24/LinuxAssignment/q2$
abhishek_shivade@DESKTOP-EHJ0T9T:~/CDAC24/LinuxAssignment/q2$
abhishek_shivade@DESKTOP-EHJ0T9T:~/CDAC24/LinuxAssignment/q2$
abhishek_shivade@DESKTOP-EHJ0T9T:~/CDAC24/LinuxAssignment/q2$
abhishek_shivade@DESKTOP-EHJ0T9T:~/CDAC24/LinuxAssignment/q2$
abhishek_shivade@DESKTOP-EHJ0T9T:~/CDAC24/LinuxAssignment/q2$
abhishek_shivade@DESKTOP-EHJ0T9T:~/CDAC24/LinuxAssignment/q2$
abhishek_shivade@DESKTOP-EHJ0T9T:~/CDAC24/LinuxAssignment/q2$
abhishek_shivade@DESKTOP-EHJ0T9T:~/CDAC24/LinuxAssignment/q2$ head -10 data.txt
Lorem Ipsum is simply dummy text of the printing and typesetting industry.
Lorem Ipsum has been the industry's standard dummy text ever since the 1500s,
when an unknown printer took a galley of type and scrambled it to make a type specimen book.
It has survived not only five centuries,
but also the leap into electronic typesetting,
remaining essentially unchanged. It was popularised in the 1960s with the release of Letraset sheets containing
Lorem Ipsum passages, and more recently with desktop publishing software like Aldus PageMaker including versions of Lorem Ipsum.
Why do we use it?
It is a long established fact that a reader will be distracted by the readable content of a page when looking at its layout.
The point of using Lorem Ipsum is that it has a more-or-less normal distribution of letters,
abhishek_shivade@DESKTOP-EHJ0T9T:~/CDAC24/LinuxAssignment/q2$ cat data.txt
Lorem Ipsum is simply dummy text of the printing and typesetting industry.
Lorem Ipsum has been the industry's standard dummy text ever since the 1500s,
when an unknown printer took a galley of type and scrambled it to make a type specimen book.
It has survived not only five centuries,
but also the leap into electronic typesetting,
remaining essentially unchanged. It was popularised in the 1960s with the release of Letraset sheets containing
Lorem Ipsum passages, and more recently with desktop publishing software like Aldus PageMaker including versions of Lorem Ipsum.
Why do we use it?
It is a long established fact that a reader will be distracted by the readable content of a page when looking at its layout.
The point of using Lorem Ipsum is that it has a more-or-less normal distribution of letters,
as opposed to using 'Content here, content here', making it look like readable English.
Many desktop publishing packages and web page editors now use Lorem Ipsum as their default model text,
sions have evolved over the years, sometimes by accident, sometimes on purpose (injected humour and the like).

abhishek_shivade@DESKTOP-EHJ0T9T:~/CDAC24/LinuxAssignment/q2$ head data.txt
Lorem Ipsum is simply dummy text of the printing and typesetting industry.
Lorem Ipsum has been the industry's standard dummy text ever since the 1500s,
when an unknown printer took a galley of type and scrambled it to make a type specimen book.
It has survived not only five centuries,
but also the leap into electronic typesetting,
remaining essentially unchanged. It was popularised in the 1960s with the release of Letraset sheets containing
Lorem Ipsum passages, and more recently with desktop publishing software like Aldus PageMaker including versions of Lorem Ipsum.
Why do we use it?
It is a long established fact that a reader will be distracted by the readable content of a page when looking at its layout.
The point of using Lorem Ipsum is that it has a more-or-less normal distribution of letters,
abhishek_shivade@DESKTOP-EHJ0T9T:~/CDAC24/LinuxAssignment/q2$
abhishek_shivade@DESKTOP-EHJ0T9T:~/CDAC24/LinuxAssignment/q2$
abhishek_shivade@DESKTOP-EHJ0T9T:~/CDAC24/LinuxAssignment/q2$
abhishek_shivade@DESKTOP-EHJ0T9T:~/CDAC24/LinuxAssignment/q2$
abhishek_shivade@DESKTOP-EHJ0T9T:~/CDAC24/LinuxAssignment/q2$
abhishek_shivade@DESKTOP-EHJ0T9T:~/CDAC24/LinuxAssignment/q2$
abhishek_shivade@DESKTOP-EHJ0T9T:~/CDAC24/LinuxAssignment/q2$
abhishek_shivade@DESKTOP-EHJ0T9T:~/CDAC24/LinuxAssignment/q2$
abhishek_shivade@DESKTOP-EHJ0T9T:~/CDAC24/LinuxAssignment/q2$
abhishek_shivade@DESKTOP-EHJ0T9T:~/CDAC24/LinuxAssignment/q2$
abhishek_shivade@DESKTOP-EHJ0T9T:~/CDAC24/LinuxAssignment/q2$
abhishek_shivade@DESKTOP-EHJ0T9T:~/CDAC24/LinuxAssignment/q2$ cat data.txt
Lorem Ipsum is simply dummy text of the printing and typesetting industry.
Lorem Ipsum has been the industry's standard dummy text ever since the 1500s,
when an unknown printer took a galley of type and scrambled it to make a type specimen book.
It has survived not only five centuries,
but also the leap into electronic typesetting,
remaining essentially unchanged. It was popularised in the 1960s with the release of Letraset sheets containing
Lorem Ipsum passages, and more recently with desktop publishing software like Aldus PageMaker including versions of Lorem Ipsum.
Why do we use it?
It is a long established fact that a reader will be distracted by the readable content of a page when looking at its layout.
The point of using Lorem Ipsum is that it has a more-or-less normal distribution of letters,
as opposed to using 'Content here, content here', making it look like readable English.
Many desktop publishing packages and web page editors now use Lorem Ipsum as their default model text,
sions have evolved over the years, sometimes by accident, sometimes on purpose (injected humour and the like).

abhishek_shivade@DESKTOP-EHJ0T9T:~/CDAC24/LinuxAssignment/q2$
abhishek_shivade@DESKTOP-EHJ0T9T:~/CDAC24/LinuxAssignment/q2$
abhishek_shivade@DESKTOP-EHJ0T9T:~/CDAC24/LinuxAssignment/q2$
abhishek_shivade@DESKTOP-EHJ0T9T:~/CDAC24/LinuxAssignment/q2$
abhishek_shivade@DESKTOP-EHJ0T9T:~/CDAC24/LinuxAssignment/q2$
abhishek_shivade@DESKTOP-EHJ0T9T:~/CDAC24/LinuxAssignment/q2$
abhishek_shivade@DESKTOP-EHJ0T9T:~/CDAC24/LinuxAssignment/q2$
abhishek_shivade@DESKTOP-EHJ0T9T:~/CDAC24/LinuxAssignment/q2$
abhishek_shivade@DESKTOP-EHJ0T9T:~/CDAC24/LinuxAssignment/q2$
abhishek_shivade@DESKTOP-EHJ0T9T:~/CDAC24/LinuxAssignment/q2$
abhishek_shivade@DESKTOP-EHJ0T9T:~/CDAC24/LinuxAssignment/q2$
abhishek_shivade@DESKTOP-EHJ0T9T:~/CDAC24/LinuxAssignment/q2$ head data.txt
Lorem Ipsum is simply dummy text of the printing and typesetting industry.
Lorem Ipsum has been the industry's standard dummy text ever since the 1500s,
when an unknown printer took a galley of type and scrambled it to make a type specimen book.
It has survived not only five centuries,
but also the leap into electronic typesetting,
remaining essentially unchanged. It was popularised in the 1960s with the release of Letraset sheets containing
Lorem Ipsum passages, and more recently with desktop publishing software like Aldus PageMaker including versions of Lorem Ipsum.
Why do we use it?
It is a long established fact that a reader will be distracted by the readable content of a page when looking at its layout.
The point of using Lorem Ipsum is that it has a more-or-less normal distribution of letters,
abhishek_shivade@DESKTOP-EHJ0T9T:~/CDAC24/LinuxAssignment/q2$
abhishek_shivade@DESKTOP-EHJ0T9T:~/CDAC24/LinuxAssignment/q2$
abhishek_shivade@DESKTOP-EHJ0T9T:~/CDAC24/LinuxAssignment/q2$
abhishek_shivade@DESKTOP-EHJ0T9T:~/CDAC24/LinuxAssignment/q2$
abhishek_shivade@DESKTOP-EHJ0T9T:~/CDAC24/LinuxAssignment/q2$
abhishek_shivade@DESKTOP-EHJ0T9T:~/CDAC24/LinuxAssignment/q2$
abhishek_shivade@DESKTOP-EHJ0T9T:~/CDAC24/LinuxAssignment/q2$
abhishek_shivade@DESKTOP-EHJ0T9T:~/CDAC24/LinuxAssignment/q2$
abhishek_shivade@DESKTOP-EHJ0T9T:~/CDAC24/LinuxAssignment/q2$ tail -5 data.txt
The point of using Lorem Ipsum is that it has a more-or-less normal distribution of letters,
as opposed to using 'Content here, content here', making it look like readable English.
Many desktop publishing packages and web page editors now use Lorem Ipsum as their default model text,
sions have evolved over the years, sometimes by accident, sometimes on purpose (injected humour and the like).

abhishek_shivade@DESKTOP-EHJ0T9T:~/CDAC24/LinuxAssignment/q2$ cat > numbers.txt
1
2
3
4
5
6
7
8
9
10
11
12
13
14
15
16
abhishek_shivade@DESKTOP-EHJ0T9T:~/CDAC24/LinuxAssignment/q2$ cat >> numbers.txt
17
18
19
20
abhishek_shivade@DESKTOP-EHJ0T9T:~/CDAC24/LinuxAssignment/q2$ cat numbers.txt
1
2
3
4
5
6
7
8
9
10
11
12
13
14
15
16
17
18
19
20
abhishek_shivade@DESKTOP-EHJ0T9T:~/CDAC24/LinuxAssignment/q2$ head -15 numbers.txt
1
2
3
4
5
6
7
8
9
10
11
12
13
14
15
abhishek_shivade@DESKTOP-EHJ0T9T:~/CDAC24/LinuxAssignment/q2$ tail -3 data.txt
Many desktop publishing packages and web page editors now use Lorem Ipsum as their default model text,
sions have evolved over the years, sometimes by accident, sometimes on purpose (injected humour and the like).

abhishek_shivade@DESKTOP-EHJ0T9T:~/CDAC24/LinuxAssignment/q2$ tail -3 numbers.txt
18
19
20
abhishek_shivade@DESKTOP-EHJ0T9T:~/CDAC24/LinuxAssignment/q2$ tail -4 numbers.txt
17
18
19
20
abhishek_shivade@DESKTOP-EHJ0T9T:~/CDAC24/LinuxAssignment/q2$ cat > input.txt
hello ubuntu
abhishek_shivade@DESKTOP-EHJ0T9T:~/CDAC24/LinuxAssignment/q2$ tr [:lower:] [:upper:] input.txt
tr: extra operand ‘input.txt’
Try 'tr --help' for more information.
abhishek_shivade@DESKTOP-EHJ0T9T:~/CDAC24/LinuxAssignment/q2$ cat input.txt | tr [:lower:] [:upper:] input.txt
tr: extra operand ‘input.txt’
Try 'tr --help' for more information.
abhishek_shivade@DESKTOP-EHJ0T9T:~/CDAC24/LinuxAssignment/q2$ cat input.txt | tr [:lower:] [:upper:]
HELLO UBUNTU
abhishek_shivade@DESKTOP-EHJ0T9T:~/CDAC24/LinuxAssignment/q2$ cat input.txt | tr [:upper:] [:lower:]
hello ubuntu
abhishek_shivade@DESKTOP-EHJ0T9T:~/CDAC24/LinuxAssignment/q2$ cat input.txt | tr [:upper:] [:lower:] output
.txt
tr: extra operand ‘output.txt’
Try 'tr --help' for more information.
abhishek_shivade@DESKTOP-EHJ0T9T:~/CDAC24/LinuxAssignment/q2$ cat input.txt | tr [:upper:] [:lower:] | mv input.txt output.txt
abhishek_shivade@DESKTOP-EHJ0T9T:~/CDAC24/LinuxAssignment/q2$ tree
.
├── data.txt
├── numbers.txt
└── output.txt

0 directories, 3 files
abhishek_shivade@DESKTOP-EHJ0T9T:~/CDAC24/LinuxAssignment/q2$ cat input.txt | tr [:upper:] [:lower:] | mv o
utput.txt input.txt
cat: input.txt: No such file or directory
abhishek_shivade@DESKTOP-EHJ0T9T:~/CDAC24/LinuxAssignment/q2$ cat output.txt | tr [:upper:] [:lower:] | mv
output.txt input.txt
mv: cannot stat 'output.txt': No such file or directory
cat: output.txt: No such file or directory
abhishek_shivade@DESKTOP-EHJ0T9T:~/CDAC24/LinuxAssignment/q2$ ls
data.txt  input.txt  numbers.txt
abhishek_shivade@DESKTOP-EHJ0T9T:~/CDAC24/LinuxAssignment/q2$ cat input.txt
hello ubuntu
abhishek_shivade@DESKTOP-EHJ0T9T:~/CDAC24/LinuxAssignment/q2$ ls
data.txt  input.txt  numbers.txt
abhishek_shivade@DESKTOP-EHJ0T9T:~/CDAC24/LinuxAssignment/q2$ cat input.txt | tr [:lower:] [:upper:] output.txt
tr: extra operand ‘output.txt’
Try 'tr --help' for more information.
abhishek_shivade@DESKTOP-EHJ0T9T:~/CDAC24/LinuxAssignment/q2$ tr 'a-z' 'A-z' input.txt output.txt
tr: extra operand ‘input.txt’
Try 'tr --help' for more information.
abhishek_shivade@DESKTOP-EHJ0T9T:~/CDAC24/LinuxAssignment/q2$ tr 'a-z' 'A-z' <input.txt> output.txt
abhishek_shivade@DESKTOP-EHJ0T9T:~/CDAC24/LinuxAssignment/q2$ tr 'a-z' 'A-z' < input.txt > output.txt
abhishek_shivade@DESKTOP-EHJ0T9T:~/CDAC24/LinuxAssignment/q2$ ls
data.txt  input.txt  numbers.txt  output.txt
abhishek_shivade@DESKTOP-EHJ0T9T:~/CDAC24/LinuxAssignment/q2$ cat input.txt
hello ubuntu
abhishek_shivade@DESKTOP-EHJ0T9T:~/CDAC24/LinuxAssignment/q2$ cat output.txt
HELLO UBUNTU
abhishek_shivade@DESKTOP-EHJ0T9T:~/CDAC24/LinuxAssignment/q2$ cat > duplicate.txt
aa
aa
bb
bb
bb
bb
cc
cc
dd
ee
ff
ff
gg
abhishek_shivade@DESKTOP-EHJ0T9T:~/CDAC24/LinuxAssignment/q2$
abhishek_shivade@DESKTOP-EHJ0T9T:~/CDAC24/LinuxAssignment/q2$
abhishek_shivade@DESKTOP-EHJ0T9T:~/CDAC24/LinuxAssignment/q2$
abhishek_shivade@DESKTOP-EHJ0T9T:~/CDAC24/LinuxAssignment/q2$ cat duplicate.txt | uniq
aa
bb
cc
dd
ee
ff
gg
abhishek_shivade@DESKTOP-EHJ0T9T:~/CDAC24/LinuxAssignment/q2$ cat duplicate.txt
aa
aa
bb
bb
bb
bb
cc
cc
dd
ee
ff
ff
gg
abhishek_shivade@DESKTOP-EHJ0T9T:~/CDAC24/LinuxAssignment/q2$ uniq duplicate.txt
aa
bb
cc
dd
ee
ff
gg
abhishek_shivade@DESKTOP-EHJ0T9T:~/CDAC24/LinuxAssignment/q2$ uniq -u duplicate.txt
dd
ee
gg
abhishek_shivade@DESKTOP-EHJ0T9T:~/CDAC24/LinuxAssignment/q2$ cat > fruit.txt
Mango
Mango
Grapes
Grapes
Grpes
Banana
Mango
Watermelon
Kiwi
Banana
abhishek_shivade@DESKTOP-EHJ0T9T:~/CDAC24/LinuxAssignment/q2$
abhishek_shivade@DESKTOP-EHJ0T9T:~/CDAC24/LinuxAssignment/q2$
abhishek_shivade@DESKTOP-EHJ0T9T:~/CDAC24/LinuxAssignment/q2$
abhishek_shivade@DESKTOP-EHJ0T9T:~/CDAC24/LinuxAssignment/q2$ uniq fruit.txt
Mango
Grapes
Grpes
Banana
Mango
Watermelon
Kiwi
Banana
abhishek_shivade@DESKTOP-EHJ0T9T:~/CDAC24/LinuxAssignment/q2$ uniq -u fruit.txt
Grpes
Banana
Mango
Watermelon
Kiwi
Banana
abhishek_shivade@DESKTOP-EHJ0T9T:~/CDAC24/LinuxAssignment/q2$ uniq -c fruit.txt
      2 Mango
      2 Grapes
      1 Grpes
      1 Banana
      1 Mango